
> osas@1.0.0 build
> vite build

[36mvite v7.3.1 [32mbuilding client environment for production...[36m[39m
transforming...
[32mΓ£ô[39m 1 modules transformed.
node.exe : [31mΓ£ù[39m Build failed 
in 27ms
At C:\Program Files\nodejs\npm.ps1:29 
char:3
+   & $NODE_EXE $NPM_CLI_JS $args
+   ~~~~~~~~~~~~~~~~~~~~~~~~~~~~~
    + CategoryInfo          : NotSpecif 
   ied: ([31mΓ£ù[39m Build failed in  
   27ms:String) [], RemoteException
    + FullyQualifiedErrorId : NativeCom 
   mandError
 
[31merror during build:
[31m[vite:css] Failed to load PostCSS 
config (searchPath: C:/Users/Ranz/OneDri
ve/Desktop/Personal/SideProject/OSAS): 
[Error] Loading PostCSS Plugin failed: 
Package subpath './postcss' is not 
defined by "exports" in C:\Users\Ranz\On
eDrive\Desktop\Personal\SideProject\OSAS
\node_modules\tailwindcss\package.json

(@C:\Users\Ranz\OneDrive\Desktop\Persona
l\SideProject\OSAS\postcss.config.js)
Error: Loading PostCSS Plugin failed: 
Package subpath './postcss' is not 
defined by "exports" in C:\Users\Ranz\On
eDrive\Desktop\Personal\SideProject\OSAS
\node_modules\tailwindcss\package.json

(@C:\Users\Ranz\OneDrive\Desktop\Persona
l\SideProject\OSAS\postcss.config.js)
    at load (file:///C:/Users/Ranz/OneDr
ive/Desktop/Personal/SideProject/OSAS/no
de_modules/vite/dist/node/chunks/config.
js:7660:10)
    at async Promise.all (index 0)
    at async plugins (file:///C:/Users/R
anz/OneDrive/Desktop/Personal/SideProjec
t/OSAS/node_modules/vite/dist/node/chunk
s/config.js:7682:11)
    at async processResult (file:///C:/U
sers/Ranz/OneDrive/Desktop/Personal/Side
Project/OSAS/node_modules/vite/dist/node
/chunks/config.js:7721:13)[31m
file: [36mC:/Users/Ranz/OneDrive/Deskto
p/Personal/SideProject/OSAS/resources/cs
s/app.css[31m
[39m
